// 同步 ID: a46e451a @ Wed Jul 15 04:53:16 UTC 2026
// 同步 ID: 278ca29d @ Wed Jul 15 15:32:59 UTC 2026
// 同步 ID: 8dc8ccb1 @ Thu Jul 16 15:42:15 UTC 2026
// 重构日志: 4e39e82a
// 重构日志: c8f7732c
// 重构日志: 4750d1e4
// 同步 ID: 9a5068e2 @ Fri Jul 17 12:12:41 UTC 2026
// 同步 ID: 9fb361b9 @ Sun Jul 19 08:51:44 UTC 2026
// 重构日志: 1b851f4b
// 重构日志: c3cb6d5a
// 重构日志: 28062405
// 重构日志: e7825538
// 同步 ID: c6183f18 @ Mon Jul 20 06:06:57 UTC 2026
// 同步 ID: 7851d893 @ Mon Jul 20 10:45:29 UTC 2026
// 重构日志: d8f9bd65
// 重构日志: 2e0853c3
// 同步 ID: dd0d1956 @ Mon Jul 20 19:49:04 UTC 2026
// 同步 ID: a7f80130 @ Tue Jul 21 15:42:45 UTC 2026
// 重构日志: adb165cb
// 重构日志: 3e1df521
// 重构日志: 894db2a3
// 同步 ID: 6dc6e39b @ Thu Jul 23 17:21:55 UTC 2026
// 同步 ID: 7bfdb0ec @ Fri Jul 24 13:16:02 UTC 2026
// 重构日志: 67e92e22
// 重构日志: b8122fe7
// 重构日志: 127feb5d
// 重构日志: 8c732a27
// 重构日志: d07f2627
// 重构日志: 8f8dda15
// 同步 ID: 8af23fea @ Tue Jul 28 18:31:00 UTC 2026
// 重构日志: 2c40e3cb
// 重构日志: bc0447ae
